// Jest Snapshot v1, https://goo.gl/fbAQLP

exports[`MovieList component renders correctly 1`] = `
<div
  className="catalog__movies-list"
>
  <article
    className="small-movie-card catalog__movies-card"
    onMouseOut={[Function]}
    onMouseOver={[Function]}
  >
    <div
      className="small-movie-card__image"
    >
      <img
        alt="Film#1"
        height="175"
        onClick={[Function]}
        src="picture#1"
        width="280"
      />
    </div>
    <h3
      className="small-movie-card__title"
    >
      <a
        className="small-movie-card__link"
        href="movie-page.html"
        onClick={[Function]}
      >
        Film#1
      </a>
    </h3>
  </article>
  <article
    className="small-movie-card catalog__movies-card"
    onMouseOut={[Function]}
    onMouseOver={[Function]}
  >
    <div
      className="small-movie-card__image"
    >
      <img
        alt="Film#2"
        height="175"
        onClick={[Function]}
        src="picture#2"
        width="280"
      />
    </div>
    <h3
      className="small-movie-card__title"
    >
      <a
        className="small-movie-card__link"
        href="movie-page.html"
        onClick={[Function]}
      >
        Film#2
      </a>
    </h3>
  </article>
  <article
    className="small-movie-card catalog__movies-card"
    onMouseOut={[Function]}
    onMouseOver={[Function]}
  >
    <div
      className="small-movie-card__image"
    >
      <img
        alt="Film#3"
        height="175"
        onClick={[Function]}
        src="picture#3"
        width="280"
      />
    </div>
    <h3
      className="small-movie-card__title"
    >
      <a
        className="small-movie-card__link"
        href="movie-page.html"
        onClick={[Function]}
      >
        Film#3
      </a>
    </h3>
  </article>
</div>
`;
