// Jest Snapshot v1, https://goo.gl/fbAQLP

exports[`MovieCardButtons component renders correctly 1`] = `
<div
  className="movie-card__buttons"
>
  <a
    className="btn btn--play movie-card__button"
    href="/player/0"
    onClick={[Function]}
  >
    <svg
      height="19"
      viewBox="0 0 19 19"
      width="19"
    >
      <use
        xlinkHref="#play-s"
      />
    </svg>
    <span>
      Play
    </span>
  </a>
</div>
`;

exports[`MovieCardButtons component renders correctly 2`] = `
<div
  className="movie-card__buttons"
>
  <a
    className="btn btn--play movie-card__button"
    href="/player/0"
    onClick={[Function]}
  >
    <svg
      height="19"
      viewBox="0 0 19 19"
      width="19"
    >
      <use
        xlinkHref="#play-s"
      />
    </svg>
    <span>
      Play
    </span>
  </a>
</div>
`;
