// Jest Snapshot v1, https://goo.gl/fbAQLP

exports[`App with authorization renders correctly 1`] = `null`;

exports[`App without authorization component renders correctly 1`] = `null`;
