// Jest Snapshot v1, https://goo.gl/fbAQLP

exports[`MainPage renders correctly 1`] = `")"`;
