// Jest Snapshot v1, https://goo.gl/fbAQLP

exports[`SmallMovieCard component renders correctly 1`] = `
<article
  className="small-movie-card catalog__movies-card"
  onClick={[Function]}
  onMouseOut={[Function]}
  onMouseOver={[Function]}
>
  <div
    className="small-movie-card__image"
  >
    <img
      alt="Film#1"
      height="175"
      src="picture#1"
      width="280"
    />
  </div>
  <h3
    className="small-movie-card__title"
  >
    <a
      className="small-movie-card__link"
      href="movie-page.html"
    >
      Film#1
    </a>
  </h3>
</article>
`;
